<html>
<body>
<pre>
<h1>µVision Build Log</h1>
<h2>Tool Versions:</h2>
IDE-Version: µVision V5.26.2.0
Copyright (C) 2018 ARM Ltd and ARM Germany GmbH. All rights reserved.
License Information: vishnu vardhan duggasani, student, LIC=----
 
Tool Versions:
Toolchain:       MDK-Lite  Version: 5.26.2.0
Toolchain Path:  C:\Keil_v5\ARM\ARMCC\Bin
C Compiler:      Armcc.exe V5.06 update 6 (build 750)
Assembler:       Armasm.exe V5.06 update 6 (build 750)
Linker/Locator:  ArmLink.exe V5.06 update 6 (build 750)
Library Manager: ArmAr.exe V5.06 update 6 (build 750)
Hex Converter:   FromElf.exe V5.06 update 6 (build 750)
CPU DLL:         SARM.DLL V5.26.2.0
Dialog DLL:      DARMP.DLL V1.53.0.0
Target DLL:      UL2ARM.DLL V1.74.10.0
Dialog DLL:      TARMP.DLL V1.53.0.0
 
<h2>Project:</h2>
D:\arm projects\UART\uart.uvproj
Project File Date:  11/24/2023

<h2>Output:</h2>
*** Using Compiler 'V5.06 update 6 (build 750)', folder: 'C:\Keil_v5\ARM\ARMCC\Bin'
Rebuild target 'Target 1'
assembling Startup.s...
compiling i2c_detect.c...
compiling i2c_driver.c...
compiling LCD_driver.c...
compiling uart0_driver.c...
uart0_driver.c(38): warning:  #167-D: argument of type "u8 *" is incompatible with parameter of type "char *__restrict__"
  	sprintf(buff,"%d",data);
uart0_driver.c(45): warning:  #167-D: argument of type "u8 *" is incompatible with parameter of type "char *__restrict__"
  	sprintf(buff,"%.1f",data);
uart0_driver.c: 2 warnings, 0 errors
linking...
Program Size: Code=1912 RO-data=36 RW-data=0 ZI-data=1256  
FromELF: creating hex file...
".\Objects\I2C_detect.axf" - 0 Error(s), 2 Warning(s).
Build Time Elapsed:  00:00:01
</pre>
</body>
</html>
